// Jest Snapshot v1, https://goo.gl/fbAQLP

exports[`<ChangeBGScreen> Should have black BG 1`] = `
<View
  style={
    Object {
      "alignItems": "center",
      "backgroundColor": "#FFFFFF",
      "flex": 1,
      "justifyContent": "center",
    }
  }
>
  <TextInput
    allowFontScaling={true}
    onChangeText={[Function]}
    placeholder="color hex code"
  />
</View>
`;
