// Jest Snapshot v1, https://goo.gl/fbAQLP

exports[`<SelectSpaceScreen> renders correctly 1`] = `
<View
  style={
    Array [
      Object {
        "alignItems": "center",
        "flexBasis": 0,
        "flexGrow": 1,
        "flexShrink": 1,
        "paddingBottom": 20,
        "paddingTop": 20,
      },
      undefined,
    ]
  }
>
  <View
    accessible={true}
    isTVSelectable={true}
    onResponderGrant={[Function]}
    onResponderMove={[Function]}
    onResponderRelease={[Function]}
    onResponderTerminate={[Function]}
    onResponderTerminationRequest={[Function]}
    onStartShouldSetResponder={[Function]}
    style={
      Object {
        "backgroundColor": "#f9253e",
        "borderRadius": 5,
        "justifyContent": "center",
        "opacity": 1,
        "paddingBottom": 10,
        "paddingLeft": 10,
        "paddingRight": 10,
        "paddingTop": 10,
        "width": 150,
      }
    }
  >
    <Text
      accessible={true}
      allowFontScaling={true}
      color="white"
      ellipsizeMode="tail"
      style={
        Array [
          Object {
            "color": "white",
            "fontWeight": "bold",
            "textAlign": "center",
          },
          undefined,
        ]
      }
      text="bold"
    >
      + New Space
    </Text>
  </View>
  <View
    style={
      Array [
        Object {
          "flexDirection": "row",
          "flexWrap": "wrap",
          "justifyContent": "flex-start",
          "marginBottom": 20,
          "marginLeft": 20,
          "marginRight": 20,
          "marginTop": 20,
        },
        undefined,
      ]
    }
  >
    <View
      style={
        Array [
          Object {
            "backgroundColor": "white",
            "borderRadius": 5,
            "marginBottom": 5,
            "marginLeft": 5,
            "marginRight": 5,
            "marginTop": 5,
          },
          undefined,
        ]
      }
    >
      <View
        style={
          Object {
            "backgroundColor": "white",
            "flexDirection": "row",
            "margin": 5,
          }
        }
      >
        <Text
          accessible={true}
          allowFontScaling={true}
          ellipsizeMode="tail"
          position="left"
          style={
            Array [
              Object {
                "color": "black",
                "fontWeight": "normal",
                "textAlign": "left",
              },
              undefined,
            ]
          }
        >
          Travel
        </Text>
        <View
          style={
            Object {
              "flex": 1,
              "flexDirection": "row",
              "justifyContent": "flex-end",
            }
          }
        >
          <View
            color="red"
            style={
              Array [
                Object {
                  "alignItems": "flex-end",
                  "backgroundColor": "red",
                  "borderRadius": 50,
                  "height": 12,
                  "justifyContent": "flex-end",
                  "width": 12,
                },
                undefined,
              ]
            }
          />
        </View>
      </View>
      <Image
        source={
          Object {
            "url": "https://www.w3schools.com/howto/img_paris.jpg",
          }
        }
        style={
          Object {
            "height": 75,
            "width": 100,
          }
        }
      />
    </View>
    <View
      style={
        Array [
          Object {
            "backgroundColor": "white",
            "borderRadius": 5,
            "marginBottom": 5,
            "marginLeft": 5,
            "marginRight": 5,
            "marginTop": 5,
          },
          undefined,
        ]
      }
    >
      <View
        style={
          Object {
            "backgroundColor": "white",
            "flexDirection": "row",
            "margin": 5,
          }
        }
      >
        <Text
          accessible={true}
          allowFontScaling={true}
          ellipsizeMode="tail"
          position="left"
          style={
            Array [
              Object {
                "color": "black",
                "fontWeight": "normal",
                "textAlign": "left",
              },
              undefined,
            ]
          }
        >
          Travel
        </Text>
        <View
          style={
            Object {
              "flex": 1,
              "flexDirection": "row",
              "justifyContent": "flex-end",
            }
          }
        >
          <View
            color="orange"
            style={
              Array [
                Object {
                  "alignItems": "flex-end",
                  "backgroundColor": "orange",
                  "borderRadius": 50,
                  "height": 12,
                  "justifyContent": "flex-end",
                  "width": 12,
                },
                undefined,
              ]
            }
          />
        </View>
      </View>
      <Image
        source={
          Object {
            "url": "https://www.w3schools.com/howto/img_paris.jpg",
          }
        }
        style={
          Object {
            "height": 75,
            "width": 100,
          }
        }
      />
    </View>
  </View>
  <View
    style={
      Object {
        "flex": 1,
        "justifyContent": "flex-end",
      }
    }
  >
    <View
      accessible={true}
      isTVSelectable={true}
      onResponderGrant={[Function]}
      onResponderMove={[Function]}
      onResponderRelease={[Function]}
      onResponderTerminate={[Function]}
      onResponderTerminationRequest={[Function]}
      onStartShouldSetResponder={[Function]}
      style={
        Object {
          "backgroundColor": "#f9253e",
          "borderRadius": 5,
          "justifyContent": "center",
          "opacity": 1,
          "paddingBottom": 10,
          "paddingLeft": 10,
          "paddingRight": 10,
          "paddingTop": 10,
          "width": 325,
        }
      }
    >
      <Text
        accessible={true}
        allowFontScaling={true}
        color="white"
        ellipsizeMode="tail"
        style={
          Array [
            Object {
              "color": "white",
              "fontWeight": "bold",
              "textAlign": "center",
            },
            undefined,
          ]
        }
        text="bold"
      >
        1 steps to go &gt;
      </Text>
    </View>
  </View>
</View>
`;
